// Jest Snapshot v1, https://goo.gl/fbAQLP

exports[`Pruebas en <GifItem /> Debe hacer match con el snapshot 1`] = `
<div>
  <div
    class="card"
  >
    <img
      alt="Walter White"
      src="https://WlaterWhite.com/walterwhite.jpg"
    />
    <p>
       
      Walter White
       
    </p>
  </div>
</div>
`;
